[2026-07-09 09:07:15] === refresh start: 143 SKUs ===
[2026-07-09 09:09:11] === refresh start: 143 SKUs ===
[2026-07-09 09:09:34] [1/143] 372713 ¥459.0 -> ¥390.15
[2026-07-09 09:09:46] [2/143] 100016408504 ¥679.0 -> ¥577.15
[2026-07-09 09:10:00] [3/143] 100001478945 ¥719 (unchanged)
[2026-07-09 09:10:15] [4/143] 100215401508 NO_PRICE (keep old ¥749.0)
[2026-07-09 09:10:28] [5/143] 100010774115 ¥755 (unchanged)
[2026-07-09 09:10:40] [6/143] 100239644065 ¥951.0 -> ¥808.35
[2026-07-09 09:10:53] [7/143] 100127848554 NO_PRICE (keep old ¥839.0)
[2026-07-09 09:11:07] [8/143] 100133046493 ¥891 (unchanged)
[2026-07-09 09:11:19] [9/143] 100140558590 ¥899 (unchanged)
[2026-07-09 09:11:34] [10/143] 100319780812 ¥1116.0 -> ¥817.54
[2026-07-09 09:11:45] [11/143] 100109019215 ¥954.0 -> ¥849
[2026-07-09 09:11:56] [12/143] 100319780798 ¥1292.0 -> ¥1055.7
[2026-07-09 09:12:09] [13/143] 100163880526 ¥1154.0 -> ¥1104
[2026-07-09 09:12:22] [14/143] 100321086210 ¥1526.0 -> ¥1198.5
[2026-07-09 09:12:37] [15/143] 100140558574 ¥1678.0 -> ¥1179.75
[2026-07-09 09:12:49] [16/143] 100056743265 ¥1913.0 -> ¥1498.55
[2026-07-09 09:13:07] [17/143] 100050127888 ¥2031.0 -> ¥1499
[2026-07-09 09:13:20] [18/143] 100134276685 ¥2148.0 -> ¥1698.3
[2026-07-09 09:13:32] [19/143] 100358814424 ¥2148.0 -> ¥1498.55
[2026-07-09 09:13:50] [20/143] 100272035052 ¥2351.0 -> ¥1798.52
[2026-07-09 09:14:03] [21/143] 100024641402 ¥2266.0 -> ¥1798.52
[2026-07-09 09:14:15] [22/143] 100280053093 ¥2266.0 -> ¥1698.3
[2026-07-09 09:14:26] [23/143] 100250022852 ¥2416.0 -> ¥1790.13
[2026-07-09 09:14:39] [24/143] 100100537834 ¥2432.0 -> ¥1860.48
[2026-07-09 09:14:50] [25/143] 100282981819 ¥2874.0 -> ¥2089.05
[2026-07-09 09:15:02] [26/143] 100209336301 ¥3005.0 -> ¥2288.61
[2026-07-09 09:15:14] [27/143] 100012369805 ¥2704.0 -> ¥2187.21
[2026-07-09 09:15:27] [28/143] 100152122005 ¥3070.0 -> ¥2188.84
[2026-07-09 09:15:38] [29/143] 100064527543 ¥3266.0 -> ¥2487.39
[2026-07-09 09:15:52] [30/143] 100146301626 ¥3266.0 -> ¥2487.39
[2026-07-09 09:16:05] [31/143] 100062957294 ¥3332.0 -> ¥2537.65
[2026-07-09 09:16:18] [32/143] 100146301608 ¥3332.0 -> ¥2537.65
[2026-07-09 09:16:33] [33/143] 100097259466 ¥3397.0 -> ¥2586.39
[2026-07-09 09:16:46] [34/143] 100065762615 ¥3528.0 -> ¥2686.93
[2026-07-09 09:17:00] [35/143] 100250022854 ¥3658.0 -> ¥2785.94
[2026-07-09 09:17:12] [36/143] 100155265995 ¥3658.0 -> ¥2785.94
[2026-07-09 09:17:25] [37/143] 100197227222 ¥3658.0 -> ¥2785.94
[2026-07-09 09:17:37] [38/143] 100149467123 ¥3784.0 -> ¥2881.9
[2026-07-09 09:17:54] [39/143] 100214822144 ¥3920.0 -> ¥2985.48
[2026-07-09 09:18:08] [40/143] 100108283570 ¥3920.0 -> ¥2267.29
[2026-07-09 09:18:21] [41/143] 100097259470 ¥3920.0 -> ¥2985.48
[2026-07-09 09:18:37] [42/143] 100197227202 ¥4050.0 -> ¥3084.48
[2026-07-09 09:18:51] [43/143] 100190473017 ¥4050.0 -> ¥3084.48
[2026-07-09 09:19:11] [44/143] 100197227156 ¥4181.0 -> ¥3184.26
[2026-07-09 09:19:30] [45/143] 100282986615 ¥4181.0 -> ¥3083.95
[2026-07-09 09:19:44] [46/143] 100007351130 ¥4312.0 -> ¥3284.02
[2026-07-09 09:19:55] [47/143] 100371431926 ¥4312.0 -> ¥3183.72
[2026-07-09 09:20:08] [48/143] 100257560945 ¥4443.0 -> ¥3383.79
[2026-07-09 09:20:22] [49/143] 100121324389 ¥4573.0 -> ¥3084.48
[2026-07-09 09:20:35] [50/143] 100055656149 ¥4573.0 -> ¥3482.8
[2026-07-09 09:20:48] [51/143] 100371430768 ¥4573.0 -> ¥3283.05
[2026-07-09 09:21:02] [52/143] 100182736647 ¥4116.0 -> ¥3357.11
[2026-07-09 09:21:21] [53/143] 100337098334 ¥4573.0 -> ¥3482.8
[2026-07-09 09:21:37] [54/143] 100339173806 ¥4835.0 -> ¥3682.34
[2026-07-09 09:21:49] [55/143] 100113376219 ¥4966.0 -> ¥3698.34
[2026-07-09 09:22:02] [56/143] 100205282178 ¥5227.0 -> ¥3980.89
[2026-07-09 09:22:14] [57/143] 100212486697 ¥5227.0 -> ¥3980.89
[2026-07-09 09:22:33] [58/143] 100283007435 ¥5227.0 -> ¥3980.88
[2026-07-09 09:22:54] [59/143] 100212486701 ¥5358.0 -> ¥4080.66
[2026-07-09 09:23:08] [60/143] 100121324369 ¥4916.0 -> ¥4034.39
[2026-07-09 09:23:21] [61/143] 100143434406 ¥5619.0 -> ¥4279.43
[2026-07-09 09:23:36] [62/143] 100063210422 ¥5619.0 -> ¥3980.89
[2026-07-09 09:23:51] [63/143] 100157003957 ¥5947.0 -> ¥4529.24
[2026-07-09 09:24:03] [64/143] 100245792635 ¥6142.0 -> ¥4677.75
[2026-07-09 09:24:14] [65/143] 100273504904 ¥6142.0 -> ¥4677.75
[2026-07-09 09:24:27] [66/143] 100113376239 ¥6534.0 -> ¥4976.3
[2026-07-09 09:24:40] [67/143] 100330444184 ¥6796.0 -> ¥5175.84
[2026-07-09 09:24:52] [68/143] 100247637713 ¥7057.0 -> ¥5374.61
[2026-07-09 09:25:04] [69/143] 100341789336 ¥7188.0 -> ¥5472.87
[2026-07-09 09:25:16] [70/143] 100197227204 ¥7188.0 -> ¥5474.39
[2026-07-09 09:25:27] [71/143] 100371405836 ¥7188.0 -> ¥5474.38
[2026-07-09 09:25:43] [72/143] 100273256482 ¥7841.0 -> ¥5971.71
[2026-07-09 09:25:55] [73/143] 100167374059 ¥8887.0 -> ¥6768.34
[2026-07-09 09:26:07] [74/143] 100256099527 ¥9149.0 -> ¥6967.88
[2026-07-09 09:26:18] [75/143] 100349000320 ¥1088.79 -> ¥832.93
[2026-07-09 09:26:31] [76/143] 100346090186 ¥1240.0 -> ¥940.83
[2026-07-09 09:26:45] [77/143] 100177332637 ¥1565.99 -> ¥1197.99
[2026-07-09 09:26:58] [78/143] 100352209244 ¥965.55 -> ¥738.65
[2026-07-09 09:27:14] [79/143] 100037217877 ¥2743.0 -> ¥2077.65
[2026-07-09 09:27:35] [80/143] 100164436731 ¥1888.0 -> ¥1392.16
[2026-07-09 09:27:49] [81/143] 100120810289 ¥3553.4 -> ¥2821.32
[2026-07-09 09:28:07] [82/143] 100210638040 ¥2220.5 -> ¥1648.36
[2026-07-09 09:28:19] [83/143] 100109995264 ¥1554.0 -> ¥1180.23
[2026-07-09 09:28:32] [84/143] 100145529388 ¥2220.0 -> ¥1690.76
[2026-07-09 09:28:44] [85/143] 100199055199 ¥4312.0 -> ¥3284.02
[2026-07-09 09:28:57] [86/143] 100252188423 ¥4443.0 -> ¥3383.8
[2026-07-09 09:29:13] [87/143] 100249542301 ¥2609.5 -> ¥1958.03
[2026-07-09 09:29:27] [88/143] 100113806013 ¥3135.0 -> ¥2387.62
[2026-07-09 09:29:40] [89/143] 100292550928 ¥1943.5 -> ¥1428.13
[2026-07-09 09:29:50] [90/143] 100346061670 ¥1442.5 -> ¥1103.52
[2026-07-09 09:30:02] [91/143] 100222087831 ¥1187.5 -> ¥889.67
[2026-07-09 09:30:23] [92/143] 100276454938 ¥5356.77 -> ¥3878.22
[2026-07-09 09:30:37] [93/143] 100145529386 ¥6402.92 -> ¥4877.29
[2026-07-09 09:30:54] [94/143] 100145529404 ¥3397.0 -> ¥2587.16
[2026-07-09 09:31:05] [95/143] 100198754650 ¥4377.0 -> ¥3333.53
[2026-07-09 09:31:15] [96/143] 100275140725 ¥1099.0 -> ¥1049
[2026-07-09 09:31:32] [97/143] 100247586935 ¥9147.88 -> ¥6967.88
[2026-07-09 09:31:48] [98/143] 100326637598 ¥5554.99 -> ¥3998.4
[2026-07-09 09:32:00] [99/143] 100310931008 ¥4599.0 -> ¥3766.01
[2026-07-09 09:32:10] [100/143] 100246744403 ¥4573.85 -> ¥3483.44
[2026-07-09 09:32:24] [101/143] 100329267972 ¥4181.69 -> ¥3184.78
[2026-07-09 09:32:36] [102/143] 100123184565 ¥10499.0 -> ¥8807
[2026-07-09 09:32:49] [103/143] 100339636316 ¥6273.0 -> ¥4777.52
[2026-07-09 09:33:00] [104/143] 100208089779 ¥1173.0 -> ¥908.82
[2026-07-09 09:33:10] [105/143] 100265635605 ¥1576.4 -> ¥1206
[2026-07-09 09:33:22] [106/143] 100065933207 ¥4109.5 -> ¥3129.8
[2026-07-09 09:33:35] [107/143] 100252346997 ¥3109.8 -> ¥2368.43
[2026-07-09 09:33:47] [108/143] 100259525111 ¥2995.0 -> ¥2280.99
[2026-07-09 09:34:00] [109/143] 100312805854 ¥2976.0 -> ¥2266.53
[2026-07-09 09:34:12] [110/143] 100208089785 ¥5095.66 -> ¥3682.34
[2026-07-09 09:34:24] [111/143] 100144211448 ¥5227.0 -> ¥3980.89
[2026-07-09 09:34:45] [112/143] 100328867446 ¥6533.44 -> ¥4976.3
[2026-07-09 09:34:57] [113/143] 100051954946 ¥2221.11 -> ¥1597.15
[2026-07-09 09:35:10] [114/143] 100259479749 ¥5619.0 -> ¥4379.2
[2026-07-09 09:35:22] [115/143] 100241577285 ¥3711.0 -> ¥3085.25
[2026-07-09 09:35:35] [116/143] 100035753586 ¥2221.0 -> ¥1699.07
[2026-07-09 09:35:48] [117/143] 100036999679 ¥2221.0 -> ¥1699.07
[2026-07-09 09:35:59] [118/143] 100326821824 ¥1609.99 -> ¥1231.65
[2026-07-09 09:36:13] [119/143] 100076106275 ¥2554.0 -> ¥1945.13
[2026-07-09 09:36:29] [120/143] 100165413100 ¥2351.6 -> ¥1699.04
[2026-07-09 09:36:41] [121/143] 100193636077 ¥5227.0 -> ¥3980.89
[2026-07-09 09:36:54] [122/143] 100275899527 ¥3528.99 -> ¥2687.68
[2026-07-09 09:37:13] [123/143] 100154667283 ¥5227.0 -> ¥3980.89
[2026-07-09 09:37:24] [124/143] 100138874432 ¥2110.0 -> ¥1614.15
[2026-07-09 09:37:37] [125/143] 100328374256 ¥9411.0 -> ¥7167.43
[2026-07-09 09:37:50] [126/143] 100239174687 ¥4835.0 -> ¥3482.59
[2026-07-09 09:38:03] [127/143] 100138874416 ¥3398.0 -> ¥2587.92
[2026-07-09 09:38:16] [128/143] 100252868317 ¥7842.0 -> ¥5972.47
[2026-07-09 09:38:27] [129/143] 100252868319 ¥7842.0 -> ¥5972.47
[2026-07-09 09:38:42] [130/143] 100286077644 ¥4705.0 -> ¥3383.58
[2026-07-09 09:38:52] [131/143] 100278483546 ¥997.99 -> ¥848.29
[2026-07-09 09:39:03] [132/143] 100242732645 ¥665.0 -> ¥508.73
[2026-07-09 09:39:14] [133/143] 100161792489 ¥6665.0 -> ¥4906.11
[2026-07-09 09:39:25] [134/143] 100244418901 ¥7999.0 -> ¥6644.45
[2026-07-09 09:39:35] [135/143] 100258226157 ¥8299.0 -> ¥6898.43
[2026-07-09 09:39:48] [136/143] 100252868345 ¥8234.0 -> ¥6271.02
[2026-07-09 09:40:05] [137/143] 100211514833 ¥4705.0 -> ¥3383.58
[2026-07-09 09:40:17] [138/143] 100376335628 ¥3659.0 -> ¥2786.69
[2026-07-09 09:40:33] [139/143] 100326203720 ¥3920.0 -> ¥2985.48
[2026-07-09 09:40:44] [140/143] 100337421760 ¥4050.0 -> ¥3084.48
[2026-07-09 09:40:56] [141/143] 100212945251 ¥5999.0 -> ¥4951.25
[2026-07-09 09:41:07] [142/143] 100275715966 ¥5849.1 -> ¥4824.35
[2026-07-09 09:41:26] [143/143] 100344885670 ¥7842.0 -> ¥5972.47
[2026-07-09 09:41:26] === done: 137 prices changed, 274 HTML updates, 2 failed ===
[2026-07-09 09:41:26]   ! 100215401508: no price
[2026-07-09 09:41:26]   ! 100127848554: no price
